<?xml version="1.0" encoding="utf-8"?><testsuites><testsuite name="pytest" errors="0" failures="0" skipped="0" tests="16" time="0.530" timestamp="2023-04-20T12:42:39.327729" hostname="e913ed7ac21a"><testcase classname="PyTest_Vial2" name="test01_table_department_existence" time="0.003" /><testcase classname="PyTest_Vial2" name="test02_table_department_metadata" time="0.003" /><testcase classname="PyTest_Vial2" name="test03_table_employee_not_empty" time="0.002" /><testcase classname="PyTest_Vial2" name="test04_table_employee_uniqueness" time="0.002" /><testcase classname="PyTest_Vial2" name="test05_start_date_with_end_date" time="0.002" /><testcase classname="PyTest_Vial2" name="test06_validity_of_start_date" time="0.004" /><testcase classname="PyTest_Vial2" name="test07_finance_department" time="0.003" /><testcase classname="PyTest_Vial2" name="test08_max_employee_rate" time="0.002" /><testcase classname="PyTest_Vial2" name="test01_table_department_existence" time="0.002" /><testcase classname="PyTest_Vial2" name="test02_table_department_metadata" time="0.003" /><testcase classname="PyTest_Vial2" name="test03_table_employee_not_empty" time="0.003" /><testcase classname="PyTest_Vial2" name="test04_table_employee_uniqueness" time="0.002" /><testcase classname="PyTest_Vial2" name="test05_start_date_with_end_date" time="0.002" /><testcase classname="PyTest_Vial2" name="test06_validity_of_start_date" time="0.002" /><testcase classname="PyTest_Vial2" name="test07_finance_department" time="0.004" /><testcase classname="PyTest_Vial2" name="test08_max_employee_rate" time="0.003" /></testsuite></testsuites>